Warning: can't parse 'vin': ignored
Warning: can't parse 'vout': ignored
Warning: can't parse 'v1#branch': ignored

Note: No compatibility mode selected!


Circuit: voltage divider - week 1 day 1 - exercise 2

Doing analysis at TEMP = 27.000000 and TNOM = 27.000000


No. of Data Rows : 1
	Node                                  Voltage
	----                                  -------
	----	-------
	vout                             4.000000e+00
	vin                              1.200000e+01

	Source	Current
	------	-------

	v1#branch                        -4.00000e-03

 Resistor models (Simple linear resistor)
      model                     R

        rsh                     0
     narrow                     0
      short                     0
        tc1                     0
        tc2                     0
        tce                     0
       defw                 1e-05
          l                 1e-05
         kf                     0
         af                     0
          r                     0
     bv_max                 1e+99
         lf                     1
         wf                     1
         ef                     1

 Resistor: Simple linear resistor
     device                    r2                    r1
      model                     R                     R
 resistance                  1000                  2000
         ac                  1000                  2000
      dtemp                     0                     0
     bv_max                 1e+99                 1e+99
      noisy                     1                     1
          i                 0.004                 0.004
          p                 0.016                 0.032

 Vsource: Independent voltage source
     device                    v1
         dc                    12
      acmag                     0
      pulse         -
        sin         -
        exp         -
        pwl         -
       sffm         -
         am         -
    trnoise         -
   trrandom         -
    portnum                     0
         z0                     0
        pwr                     0
       freq                     0
      phase                     0
          i                -0.004
          p                -0.048

                  voltage divider - week 1 day 1 - exercise 2
                  Operating Point  Fri Aug 14 10:06:57  2026
--------------------------------------------------------------------------------
Index   v(vin)          v(vout)         v1#branch       
--------------------------------------------------------------------------------
0	1.200000e+01	4.000000e+00	-4.00000e-03	


Total analysis time (seconds) = 0

Total elapsed time (seconds) = 0.013 

Total DRAM available = 8075.586 MB.
DRAM currently available = 1875.121 MB.
Maximum ngspice program size =    8.855 MB.
Current ngspice program size =    8.852 MB.

