Warning: can't parse 'vin': ignored
Warning: can't parse 'n2': ignored
Warning: can't parse 'v1#branch': ignored

Note: No compatibility mode selected!


Circuit: series resistor network - kvl

Doing analysis at TEMP = 27.000000 and TNOM = 27.000000


No. of Data Rows : 1
	Node                                  Voltage
	----                                  -------
	----	-------
	n2                               6.000000e+00
	n1                               1.000000e+01
	vin                              1.200000e+01

	Source	Current
	------	-------

	v1#branch                        -2.00000e-03

 Resistor models (Simple linear resistor)
      model                     R

        rsh                     0
     narrow                     0
      short                     0
        tc1                     0
        tc2                     0
        tce                     0
       defw                 1e-05
          l                 1e-05
         kf                     0
         af                     0
          r                     0
     bv_max                 1e+99
         lf                     1
         wf                     1
         ef                     1

 Resistor: Simple linear resistor
     device                    r3                    r2                    r1
      model                     R                     R                     R
 resistance                  3000                  2000                  1000
         ac                  3000                  2000                  1000
      dtemp                     0                     0                     0
     bv_max                 1e+99                 1e+99                 1e+99
      noisy                     1                     1                     1
          i                 0.002                 0.002                 0.002
          p                 0.012                 0.008                 0.004

 Vsource: Independent voltage source
     device                    v1
         dc                    12
      acmag                     0
      pulse         -
        sin         -
        exp         -
        pwl         -
       sffm         -
         am         -
    trnoise         -
   trrandom         -
    portnum                     0
         z0                     0
        pwr                     0
       freq                     0
      phase                     0
          i                -0.002
          p                -0.024

                         series resistor network - kvl
                         Operating Point  Fri Aug 14 10:20:37  2026
--------------------------------------------------------------------------------
Index   v(vin)-v(n2)    v(n2)           v1#branch       
--------------------------------------------------------------------------------
0	6.000000e+00	6.000000e+00	-2.00000e-03	


Total analysis time (seconds) = 0.001

Total elapsed time (seconds) = 0.011 

Total DRAM available = 8075.586 MB.
DRAM currently available = 1871.461 MB.
Maximum ngspice program size =    8.855 MB.
Current ngspice program size =    8.852 MB.

