
Note: No compatibility mode selected!


Circuit: series parallel network - kvl and kcl

Doing analysis at TEMP = 27.000000 and TNOM = 27.000000


No. of Data Rows : 13

  Measurements for DC Analysis

vin_at_12           =  1.200000e+01
vn1_at_12           =  6.000000e+00
ir1_at_12           =  6.000000e-03
ir2_at_12           =  3.000000e-03
ir3_at_12           =  3.000000e-03
isource_at_12       =  -6.000000e-03
vr1_at_12           =  6.00000e+00
vr2_at_12           =  6.00000e+00
vr3_at_12           =  6.00000e+00
kcl_error           =  0.00000e+00
kvl_error_r2        =  -1.77636e-15
kvl_error_r3        =  -1.77636e-15


Total analysis time (seconds) = 0

Total elapsed time (seconds) = 0.010 

Total DRAM available = 8075.586 MB.
DRAM currently available = 1729.598 MB.
Maximum ngspice program size =    8.926 MB.
Current ngspice program size =    8.922 MB.

